--------------------------------------------------
o")~   Snort++ 3.12.2.0
--------------------------------------------------
Loading /lab07/snort.lua:
	active
	alerts
	daq
	decode
	host_cache
	hosts
	alert_fast
	search_engine
	ips
	process
	packets
	network
	host_tracker
	output
Finished /lab07/snort.lua:
Loading ips.rules:
Loading /lab07/rules/local.rules:
Finished /lab07/rules/local.rules:
Finished ips.rules:
--------------------------------------------------
pcap DAQ configured to passive.
Commencing packet processing
Retry queue interval is: 200 ms
++ [0] eth0
** caught term signal
== stopping
-- [0] eth0
--------------------------------------------------
Packet Statistics
--------------------------------------------------
daq
                 received: 6091
                 analyzed: 6091
                    allow: 6091
                 rx_bytes: 343518
--------------------------------------------------
codec
                    total: 6091        	(100.000%)
                 discards: 10          	(  0.164%)
                      arp: 21          	(  0.345%)
                      eth: 6091        	(100.000%)
                    icmp4: 60          	(  0.985%)
                     ipv4: 6070        	( 99.655%)
                      tcp: 6003        	( 98.555%)
                      udp: 7           	(  0.115%)
--------------------------------------------------
Module Statistics
--------------------------------------------------
detection
                 analyzed: 6091
--------------------------------------------------
stream
     no_flow_no_inspector: 6081
--------------------------------------------------
tcp
        bad_tcp4_checksum: 3
--------------------------------------------------
udp
        bad_udp4_checksum: 7
--------------------------------------------------
Summary Statistics
--------------------------------------------------
process
                  signals: 1
--------------------------------------------------
timing
                  runtime: 00:13:43
                  seconds: 823.855524
                 pkts/sec: 7
o")~   Snort exiting
